Downloading https://services.gradle.org/distributions/gradle-8.14-bin.zip
.............10%.............20%.............30%.............40%.............50%.............60%.............70%.............80%.............90%..............100%

Welcome to Gradle 8.14!

Here are the highlights of this release:
 - Java 24 support
 - GraalVM Native Image toolchain selection
 - Enhancements to test reporting
 - Build Authoring improvements

For more details see https://docs.gradle.org/8.14/release-notes.html

Starting a Gradle Daemon (subsequent builds will be faster)

> Configure project :
w: file:///home/runner/work/IRCamera/IRCamera/build.gradle.kts:29:24: 'getter for buildDir: File!' is deprecated. Deprecated in Java

> Task :libir:preBuild UP-TO-DATE
> Task :libapp:preBuild UP-TO-DATE
> Task :libmenu:preBuild UP-TO-DATE
> Task :libcom:preBuild UP-TO-DATE
> Task :RangeSeekBar:preBuild UP-TO-DATE
> Task :component:edit3d:preBuild UP-TO-DATE
> Task :libui:preBuild UP-TO-DATE
> Task :libmenu:preReleaseBuild UP-TO-DATE
> Task :RangeSeekBar:preReleaseBuild UP-TO-DATE
> Task :libui:preReleaseBuild UP-TO-DATE
> Task :component:edit3d:preProdReleaseBuild UP-TO-DATE
> Task :libapp:preReleaseBuild UP-TO-DATE
> Task :libcom:preReleaseBuild UP-TO-DATE
> Task :libir:preReleaseBuild UP-TO-DATE
> Task :component:edit3d:mergeProdReleaseJniLibFolders
> Task :libui:mergeReleaseJniLibFolders
> Task :libcom:mergeReleaseJniLibFolders
> Task :RangeSeekBar:mergeReleaseJniLibFolders
> Task :libmenu:mergeReleaseJniLibFolders
> Task :libui:mergeReleaseNativeLibs NO-SOURCE
> Task :RangeSeekBar:mergeReleaseNativeLibs NO-SOURCE
> Task :libcom:mergeReleaseNativeLibs NO-SOURCE
> Task :libmenu:mergeReleaseNativeLibs NO-SOURCE
> Task :component:edit3d:mergeProdReleaseNativeLibs NO-SOURCE
> Task :libcom:copyReleaseJniLibsProjectOnly
> Task :component:gsr-recording:preBuild UP-TO-DATE
> Task :component:gsr-recording:preReleaseBuild UP-TO-DATE
> Task :component:edit3d:copyProdReleaseJniLibsProjectOnly
> Task :RangeSeekBar:copyReleaseJniLibsProjectOnly
> Task :component:thermal-ir:preBuild UP-TO-DATE
> Task :component:thermal-ir:preProdReleaseBuild UP-TO-DATE
> Task :component:pseudo:preBuild UP-TO-DATE
> Task :component:gsr-recording:mergeReleaseJniLibFolders
> Task :component:pseudo:preProdReleaseBuild UP-TO-DATE
> Task :component:gsr-recording:mergeReleaseNativeLibs NO-SOURCE
> Task :libmenu:copyReleaseJniLibsProjectOnly
> Task :component:thermal-lite:preBuild UP-TO-DATE
> Task :component:thermal-lite:preProdReleaseBuild UP-TO-DATE
> Task :component:thermal-ir:mergeProdReleaseJniLibFolders
> Task :component:thermal-ir:mergeProdReleaseNativeLibs NO-SOURCE
> Task :component:pseudo:mergeProdReleaseJniLibFolders
> Task :component:gsr-recording:copyReleaseJniLibsProjectOnly
> Task :component:transfer:preBuild UP-TO-DATE
> Task :component:transfer:preProdReleaseBuild UP-TO-DATE
> Task :component:pseudo:mergeProdReleaseNativeLibs NO-SOURCE
> Task :component:thermal-ir:copyProdReleaseJniLibsProjectOnly
> Task :component:thermal-lite:mergeProdReleaseJniLibFolders
> Task :component:user:preBuild UP-TO-DATE
> Task :component:user:preProdReleaseBuild UP-TO-DATE
> Task :component:thermal-lite:mergeProdReleaseNativeLibs NO-SOURCE
> Task :component:pseudo:copyProdReleaseJniLibsProjectOnly
> Task :component:user:mergeProdReleaseJniLibFolders
> Task :component:transfer:mergeProdReleaseJniLibFolders
> Task :component:user:mergeProdReleaseNativeLibs NO-SOURCE
> Task :component:thermal-lite:copyProdReleaseJniLibsProjectOnly
> Task :component:transfer:mergeProdReleaseNativeLibs NO-SOURCE
> Task :component:transfer:copyProdReleaseJniLibsProjectOnly
> Task :component:user:copyProdReleaseJniLibsProjectOnly
> Task :component:edit3d:prepareProdReleaseArtProfile
> Task :component:gsr-recording:prepareReleaseArtProfile
> Task :libapp:mergeReleaseJniLibFolders
> Task :RangeSeekBar:prepareReleaseArtProfile
> Task :libui:copyReleaseJniLibsProjectOnly
> Task :libcom:prepareReleaseArtProfile
> Task :libmenu:prepareReleaseArtProfile
> Task :libui:prepareReleaseArtProfile
> Task :component:thermal-ir:prepareProdReleaseArtProfile
> Task :libcom:checkKotlinGradlePluginConfigurationErrors SKIPPED
> Task :component:pseudo:prepareProdReleaseArtProfile
> Task :libmenu:checkKotlinGradlePluginConfigurationErrors SKIPPED
> Task :component:transfer:prepareProdReleaseArtProfile
> Task :libui:checkKotlinGradlePluginConfigurationErrors SKIPPED
> Task :component:user:prepareProdReleaseArtProfile
> Task :component:thermal-lite:prepareProdReleaseArtProfile
> Task :component:edit3d:checkKotlinGradlePluginConfigurationErrors SKIPPED
> Task :libmenu:generateReleaseResValues
> Task :libcom:generateReleaseResValues
> Task :libui:generateReleaseResValues FROM-CACHE
> Task :RangeSeekBar:generateReleaseResValues FROM-CACHE
> Task :component:edit3d:generateProdReleaseResValues FROM-CACHE
> Task :libapp:prepareReleaseArtProfile
> Task :libapp:checkKotlinGradlePluginConfigurationErrors SKIPPED
> Task :libcom:generateReleaseResources
> Task :libmenu:generateReleaseResources
> Task :libui:generateReleaseResources
> Task :RangeSeekBar:generateReleaseResources
> Task :RangeSeekBar:packageReleaseResources
> Task :libcom:packageReleaseResources
> Task :libir:mergeReleaseJniLibFolders
> Task :libmenu:packageReleaseResources
> Task :libui:packageReleaseResources
> Task :libir:prepareReleaseArtProfile
> Task :libir:mergeReleaseNativeLibs
> Task :libui:javaPreCompileRelease
> Task :libapp:mergeReleaseNativeLibs
> Task :RangeSeekBar:javaPreCompileRelease FROM-CACHE
> Task :libir:checkKotlinGradlePluginConfigurationErrors SKIPPED
> Task :libir:generateReleaseResValues FROM-CACHE
> Task :libir:generateReleaseResources
> Task :libir:packageReleaseResources
> Task :libui:parseReleaseLocalResources
> Task :RangeSeekBar:parseReleaseLocalResources
> Task :libir:copyReleaseJniLibsProjectOnly
> Task :app:preBuild UP-TO-DATE
> Task :app:preProdReleaseBuild UP-TO-DATE
> Task :libui:generateReleaseRFile
> Task :libcom:javaPreCompileRelease FROM-CACHE
> Task :libir:javaPreCompileRelease FROM-CACHE
> Task :component:edit3d:generateProdReleaseResources
> Task :component:edit3d:packageProdReleaseResources
> Task :component:edit3d:parseProdReleaseLocalResources
> Task :component:edit3d:dataBindingTriggerProdRelease
> Task :component:edit3d:generateProdReleaseRFile
> Task :app:mergeProdReleaseJniLibFolders
> Task :libcom:parseReleaseLocalResources
> Task :libir:parseReleaseLocalResources
> Task :libcom:generateReleaseRFile
> Task :libmenu:dataBindingTriggerRelease
> Task :component:edit3d:javaPreCompileProdRelease
> Task :component:pseudo:checkKotlinGradlePluginConfigurationErrors SKIPPED
> Task :component:pseudo:generateProdReleaseResValues FROM-CACHE
> Task :libir:generateReleaseRFile
> Task :component:thermal-ir:checkKotlinGradlePluginConfigurationErrors SKIPPED
> Task :component:thermal-ir:generateProdReleaseResValues FROM-CACHE
> Task :component:pseudo:generateProdReleaseResources
> Task :component:thermal-ir:generateProdReleaseResources
> Task :component:pseudo:packageProdReleaseResources
> Task :RangeSeekBar:generateReleaseRFile
> Task :libmenu:javaPreCompileRelease
> Task :component:pseudo:dataBindingTriggerProdRelease
> Task :component:pseudo:javaPreCompileProdRelease FROM-CACHE
> Task :component:thermal-lite:checkKotlinGradlePluginConfigurationErrors SKIPPED
> Task :component:thermal-lite:generateProdReleaseResValues FROM-CACHE
> Task :component:thermal-lite:generateProdReleaseResources
> Task :component:transfer:checkKotlinGradlePluginConfigurationErrors SKIPPED
> Task :component:transfer:generateProdReleaseResValues FROM-CACHE
> Task :component:transfer:generateProdReleaseResources
> Task :component:transfer:packageProdReleaseResources
> Task :libmenu:parseReleaseLocalResources
> Task :component:thermal-lite:packageProdReleaseResources
> Task :component:pseudo:parseProdReleaseLocalResources
> Task :libmenu:generateReleaseRFile
> Task :component:thermal-lite:dataBindingTriggerProdRelease
> Task :component:transfer:parseProdReleaseLocalResources
> Task :component:transfer:dataBindingTriggerProdRelease
> Task :component:thermal-lite:parseProdReleaseLocalResources
> Task :component:transfer:generateProdReleaseRFile
> Task :component:transfer:javaPreCompileProdRelease FROM-CACHE
> Task :component:user:checkKotlinGradlePluginConfigurationErrors SKIPPED
> Task :component:user:generateProdReleaseResValues FROM-CACHE
> Task :component:user:generateProdReleaseResources
> Task :component:user:packageProdReleaseResources
> Task :component:thermal-lite:generateProdReleaseRFile
> Task :component:user:dataBindingTriggerProdRelease
> Task :component:user:javaPreCompileProdRelease FROM-CACHE
> Task :component:gsr-recording:checkKotlinGradlePluginConfigurationErrors SKIPPED
> Task :component:thermal-ir:packageProdReleaseResources
> Task :component:user:parseProdReleaseLocalResources
> Task :component:thermal-ir:dataBindingTriggerProdRelease
> Task :component:thermal-lite:javaPreCompileProdRelease
> Task :component:user:generateProdReleaseRFile
> Task :libcom:writeReleaseAarMetadata
> Task :component:pseudo:generateProdReleaseRFile
> Task :component:thermal-ir:parseProdReleaseLocalResources
> Task :libui:writeReleaseAarMetadata
> Task :component:edit3d:writeProdReleaseAarMetadata
> Task :component:pseudo:writeProdReleaseAarMetadata
> Task :component:thermal-lite:writeProdReleaseAarMetadata
> Task :component:transfer:writeProdReleaseAarMetadata
> Task :component:user:writeProdReleaseAarMetadata
> Task :libcom:extractDeepLinksRelease
> Task :libcom:processReleaseManifest
> Task :libir:extractDeepLinksRelease FROM-CACHE
> Task :libir:processReleaseManifest
> Task :libmenu:extractDeepLinksRelease FROM-CACHE
> Task :libir:writeReleaseAarMetadata
> Task :libui:extractDeepLinksRelease FROM-CACHE
> Task :libmenu:processReleaseManifest
> Task :component:edit3d:extractDeepLinksProdRelease FROM-CACHE
> Task :component:edit3d:processProdReleaseManifest
> Task :component:pseudo:extractDeepLinksProdRelease FROM-CACHE
> Task :libui:processReleaseManifest
> Task :component:thermal-lite:extractDeepLinksProdRelease FROM-CACHE
> Task :component:thermal-lite:processProdReleaseManifest
> Task :component:transfer:extractDeepLinksProdRelease FROM-CACHE
> Task :component:transfer:processProdReleaseManifest
> Task :component:user:extractDeepLinksProdRelease FROM-CACHE
> Task :component:pseudo:processProdReleaseManifest
> Task :libmenu:writeReleaseAarMetadata
> Task :component:user:processProdReleaseManifest
> Task :libmenu:compileReleaseLibraryResources
> Task :component:thermal-ir:javaPreCompileProdRelease
> Task :component:thermal-ir:generateProdReleaseRFile
> Task :component:thermal-ir:extractDeepLinksProdRelease FROM-CACHE
> Task :component:thermal-ir:writeProdReleaseAarMetadata
> Task :libcom:compileReleaseLibraryResources
> Task :component:thermal-ir:processProdReleaseManifest
> Task :libcom:mergeReleaseShaders
> Task :libcom:compileReleaseShaders NO-SOURCE
> Task :libcom:generateReleaseAssets UP-TO-DATE
> Task :component:edit3d:compileProdReleaseLibraryResources
> Task :libcom:mergeReleaseAssets
> Task :component:pseudo:compileProdReleaseLibraryResources
> Task :libir:compileReleaseLibraryResources
> Task :libir:mergeReleaseShaders
> Task :libir:compileReleaseShaders NO-SOURCE
> Task :libir:generateReleaseAssets UP-TO-DATE
> Task :libui:compileReleaseLibraryResources
> Task :libir:mergeReleaseAssets
> Task :libmenu:mergeReleaseShaders
> Task :libmenu:compileReleaseShaders NO-SOURCE
> Task :libmenu:generateReleaseAssets UP-TO-DATE
> Task :libmenu:mergeReleaseAssets
> Task :libui:mergeReleaseShaders
> Task :libui:compileReleaseShaders NO-SOURCE
> Task :libui:generateReleaseAssets UP-TO-DATE
> Task :libui:mergeReleaseAssets
> Task :component:thermal-lite:compileProdReleaseLibraryResources
> Task :component:transfer:compileProdReleaseLibraryResources
> Task :component:edit3d:mergeProdReleaseShaders
> Task :component:edit3d:compileProdReleaseShaders NO-SOURCE
> Task :component:edit3d:generateProdReleaseAssets UP-TO-DATE
> Task :component:pseudo:mergeProdReleaseShaders
> Task :component:pseudo:compileProdReleaseShaders NO-SOURCE
> Task :component:pseudo:generateProdReleaseAssets UP-TO-DATE
> Task :component:edit3d:mergeProdReleaseAssets
> Task :component:pseudo:mergeProdReleaseAssets
> Task :component:thermal-ir:mergeProdReleaseShaders
> Task :component:thermal-ir:compileProdReleaseShaders NO-SOURCE
> Task :component:thermal-ir:generateProdReleaseAssets UP-TO-DATE
> Task :component:thermal-lite:mergeProdReleaseShaders
> Task :component:thermal-lite:compileProdReleaseShaders NO-SOURCE
> Task :component:thermal-lite:generateProdReleaseAssets UP-TO-DATE
> Task :component:user:compileProdReleaseLibraryResources
> Task :component:thermal-lite:mergeProdReleaseAssets
> Task :component:thermal-ir:mergeProdReleaseAssets
> Task :component:transfer:mergeProdReleaseShaders
> Task :component:transfer:compileProdReleaseShaders NO-SOURCE
> Task :component:transfer:generateProdReleaseAssets UP-TO-DATE
> Task :component:transfer:mergeProdReleaseAssets
> Task :libcom:extractProguardFiles
> Task :libmenu:extractProguardFiles
> Task :libui:extractProguardFiles
> Task :component:thermal-ir:compileProdReleaseLibraryResources
> Task :component:user:mergeProdReleaseShaders
> Task :component:user:compileProdReleaseShaders NO-SOURCE
> Task :libui:prepareLintJarForPublish
> Task :component:user:generateProdReleaseAssets UP-TO-DATE
> Task :libmenu:prepareLintJarForPublish
> Task :libcom:prepareLintJarForPublish
> Task :component:user:mergeProdReleaseAssets
> Task :component:edit3d:extractProguardFiles
> Task :component:pseudo:extractProguardFiles
> Task :libir:extractProguardFiles
> Task :component:edit3d:prepareLintJarForPublish
> Task :component:thermal-ir:extractProguardFiles
> Task :component:pseudo:prepareLintJarForPublish
> Task :libir:prepareLintJarForPublish
> Task :component:thermal-ir:prepareLintJarForPublish
> Task :component:edit3d:stripProdReleaseDebugSymbols NO-SOURCE
> Task :component:transfer:extractProguardFiles
> Task :component:thermal-lite:extractProguardFiles
> Task :component:user:extractProguardFiles
> Task :component:edit3d:copyProdReleaseJniLibsProjectAndLocalJars
> Task :component:transfer:prepareLintJarForPublish
> Task :component:pseudo:stripProdReleaseDebugSymbols NO-SOURCE
> Task :component:thermal-lite:prepareLintJarForPublish
> Task :component:user:prepareLintJarForPublish
> Task :component:thermal-lite:stripProdReleaseDebugSymbols NO-SOURCE
> Task :component:edit3d:extractDeepLinksForAarProdRelease
> Task :component:thermal-ir:stripProdReleaseDebugSymbols NO-SOURCE
> Task :component:transfer:stripProdReleaseDebugSymbols NO-SOURCE
> Task :component:pseudo:extractDeepLinksForAarProdRelease FROM-CACHE
> Task :component:pseudo:copyProdReleaseJniLibsProjectAndLocalJars
> Task :component:thermal-lite:copyProdReleaseJniLibsProjectAndLocalJars
> Task :component:thermal-ir:copyProdReleaseJniLibsProjectAndLocalJars
> Task :component:thermal-lite:extractDeepLinksForAarProdRelease FROM-CACHE
> Task :component:user:stripProdReleaseDebugSymbols NO-SOURCE
> Task :component:transfer:extractDeepLinksForAarProdRelease FROM-CACHE
> Task :component:transfer:copyProdReleaseJniLibsProjectAndLocalJars
> Task :component:thermal-ir:extractDeepLinksForAarProdRelease FROM-CACHE
> Task :component:user:copyProdReleaseJniLibsProjectAndLocalJars
> Task :libcom:stripReleaseDebugSymbols NO-SOURCE
> Task :libui:stripReleaseDebugSymbols NO-SOURCE
> Task :component:user:extractDeepLinksForAarProdRelease FROM-CACHE
> Task :libcom:copyReleaseJniLibsProjectAndLocalJars
> Task :libmenu:stripReleaseDebugSymbols NO-SOURCE
> Task :libui:copyReleaseJniLibsProjectAndLocalJars
> Task :libui:extractDeepLinksForAarRelease FROM-CACHE
> Task :libmenu:copyReleaseJniLibsProjectAndLocalJars
> Task :libcom:extractDeepLinksForAarRelease FROM-CACHE
> Task :libmenu:extractDeepLinksForAarRelease FROM-CACHE
> Task :libui:writeReleaseLintModelMetadata
> Task :libcom:writeReleaseLintModelMetadata
> Task :libmenu:writeReleaseLintModelMetadata
> Task :libir:extractDeepLinksForAarRelease FROM-CACHE
> Task :component:edit3d:writeProdReleaseLintModelMetadata
> Task :component:pseudo:writeProdReleaseLintModelMetadata
> Task :component:thermal-ir:writeProdReleaseLintModelMetadata
> Task :libir:writeReleaseLintModelMetadata
> Task :component:thermal-lite:writeProdReleaseLintModelMetadata
> Task :BleModule:preBuild UP-TO-DATE
> Task :BleModule:preProdReleaseBuild UP-TO-DATE
> Task :component:transfer:writeProdReleaseLintModelMetadata
> Task :component:house:preBuild UP-TO-DATE
> Task :component:house:preProdReleaseBuild UP-TO-DATE
> Task :component:user:writeProdReleaseLintModelMetadata
> Task :component:thermal:checkKotlinGradlePluginConfigurationErrors SKIPPED
> Task :component:thermal:preBuild UP-TO-DATE
> Task :component:thermal:preProdReleaseBuild UP-TO-DATE
> Task :component:thermal:generateProdReleaseResValues FROM-CACHE
> Task :component:thermal:generateProdReleaseResources
> Task :component:house:mergeProdReleaseJniLibFolders
> Task :component:house:mergeProdReleaseNativeLibs NO-SOURCE
> Task :component:house:stripProdReleaseDebugSymbols NO-SOURCE
> Task :BleModule:mergeProdReleaseJniLibFolders
> Task :BleModule:mergeProdReleaseNativeLibs NO-SOURCE
> Task :BleModule:stripProdReleaseDebugSymbols NO-SOURCE
> Task :BleModule:copyProdReleaseJniLibsProjectAndLocalJars
> Task :component:house:copyProdReleaseJniLibsProjectAndLocalJars
> Task :BleModule:generateProdReleaseResValues FROM-CACHE
> Task :component:thermal:packageProdReleaseResources
> Task :component:house:generateProdReleaseResValues FROM-CACHE
> Task :BleModule:extractDeepLinksForAarProdRelease FROM-CACHE
> Task :BleModule:generateProdReleaseBuildConfig
> Task :component:house:generateProdReleaseResources
> Task :component:house:packageProdReleaseResources

> Task :libir:stripReleaseDebugSymbols
Unable to strip the following libraries, packaging them as they are: libSRImage.so, libc++_shared.so, liblog.so, libopen3d.so, libopencv_java4.so. Run with --info option to learn more.

> Task :BleModule:generateProdReleaseResources
> Task :component:thermal:parseProdReleaseLocalResources
> Task :BleModule:packageProdReleaseResources
> Task :component:house:extractDeepLinksForAarProdRelease FROM-CACHE
> Task :component:house:checkKotlinGradlePluginConfigurationErrors SKIPPED
> Task :component:house:dataBindingTriggerProdRelease
> Task :BleModule:parseProdReleaseLocalResources
> Task :component:house:mergeProdReleaseShaders
> Task :component:house:compileProdReleaseShaders NO-SOURCE
> Task :component:house:generateProdReleaseAssets UP-TO-DATE
> Task :BleModule:mergeProdReleaseShaders
> Task :libir:copyReleaseJniLibsProjectAndLocalJars
> Task :BleModule:compileProdReleaseShaders NO-SOURCE
> Task :BleModule:generateProdReleaseAssets UP-TO-DATE
> Task :BleModule:mergeProdReleaseAssets
> Task :BleModule:javaPreCompileProdRelease FROM-CACHE
> Task :component:house:parseProdReleaseLocalResources
> Task :BleModule:prepareProdReleaseArtProfile
> Task :BleModule:generateProdReleaseRFile
> Task :BleModule:processProdReleaseJavaRes NO-SOURCE
> Task :BleModule:mergeProdReleaseJavaResource
> Task :BleModule:processProdReleaseManifest
> Task :component:thermal:dataBindingTriggerProdRelease
> Task :BleModule:writeProdReleaseAarMetadata
> Task :component:thermal:javaPreCompileProdRelease FROM-CACHE
> Task :component:thermal:mergeProdReleaseJniLibFolders
> Task :component:thermal:mergeProdReleaseNativeLibs NO-SOURCE
> Task :component:thermal:stripProdReleaseDebugSymbols NO-SOURCE
> Task :component:house:mergeProdReleaseAssets
> Task :component:thermal:generateProdReleaseRFile
> Task :component:house:javaPreCompileProdRelease FROM-CACHE
> Task :component:thermal:copyProdReleaseJniLibsProjectAndLocalJars
> Task :component:house:prepareProdReleaseArtProfile
> Task :component:house:prepareLintJarForPublish
> Task :component:house:processProdReleaseManifest
> Task :component:thermal:extractDeepLinksForAarProdRelease FROM-CACHE
> Task :component:house:generateProdReleaseRFile
> Task :BleModule:prepareLintJarForPublish
> Task :component:thermal:mergeProdReleaseShaders
> Task :component:thermal:compileProdReleaseShaders NO-SOURCE
> Task :component:thermal:generateProdReleaseAssets UP-TO-DATE
> Task :component:thermal:mergeProdReleaseAssets
> Task :component:house:writeProdReleaseAarMetadata
> Task :component:thermal:prepareProdReleaseArtProfile
> Task :component:thermal:prepareLintJarForPublish
> Task :component:thermal:processProdReleaseManifest
> Task :component:thermal:writeProdReleaseAarMetadata

> Task :RangeSeekBar:compileReleaseJavaWithJavac
Note: Some input files use or override a deprecated API.
Note: Recompile with -Xlint:deprecation for details.

> Task :RangeSeekBar:extractDeepLinksRelease FROM-CACHE
> Task :RangeSeekBar:writeReleaseAarMetadata
> Task :RangeSeekBar:processReleaseManifest
> Task :RangeSeekBar:bundleLibRuntimeToDirRelease
> Task :RangeSeekBar:compileReleaseLibraryResources
> Task :RangeSeekBar:mergeReleaseShaders
> Task :RangeSeekBar:compileReleaseShaders NO-SOURCE
> Task :RangeSeekBar:generateReleaseAssets UP-TO-DATE
> Task :RangeSeekBar:mergeReleaseAssets
> Task :RangeSeekBar:processReleaseJavaRes NO-SOURCE
> Task :RangeSeekBar:extractProguardFiles
> Task :RangeSeekBar:bundleLibRuntimeToJarRelease
> Task :RangeSeekBar:bundleLibCompileToJarRelease
> Task :RangeSeekBar:generateReleaseLintModel
> Task :RangeSeekBar:createFullJarRelease
> Task :RangeSeekBar:prepareLintJarForPublish
> Task :RangeSeekBar:stripReleaseDebugSymbols NO-SOURCE
> Task :RangeSeekBar:copyReleaseJniLibsProjectAndLocalJars
> Task :RangeSeekBar:extractDeepLinksForAarRelease FROM-CACHE
> Task :libapp:dataBindingMergeDependencyArtifactsRelease
> Task :app:mergeProdReleaseArtProfile
> Task :component:gsr-recording:dataBindingMergeDependencyArtifactsRelease
> Task :RangeSeekBar:mergeReleaseGeneratedProguardFiles
> Task :RangeSeekBar:mergeReleaseConsumerProguardFiles
> Task :RangeSeekBar:writeReleaseLintModelMetadata
> Task :RangeSeekBar:generateReleaseLintVitalModel
> Task :RangeSeekBar:mergeReleaseJavaResource
> Task :component:gsr-recording:generateReleaseResValues FROM-CACHE
> Task :component:gsr-recording:generateReleaseResources
> Task :component:gsr-recording:packageReleaseResources
> Task :component:gsr-recording:javaPreCompileRelease FROM-CACHE
> Task :component:gsr-recording:parseReleaseLocalResources
> Task :component:gsr-recording:writeReleaseAarMetadata
> Task :component:gsr-recording:extractDeepLinksRelease FROM-CACHE
> Task :component:gsr-recording:dataBindingGenBaseClassesRelease
> Task :component:gsr-recording:generateReleaseRFile
> Task :component:gsr-recording:processReleaseManifest

> Task :RangeSeekBar:extractReleaseAnnotations
Warning: com.jaygoo.widget.SeekBar.IndicatorModeDef: The typedef annotation should have @Retention(RetentionPolicy.SOURCE)

> Task :RangeSeekBar:syncReleaseLibJars
> Task :RangeSeekBar:bundleReleaseLocalLintAar
> Task :RangeSeekBar:lintVitalAnalyzeRelease
> Task :component:gsr-recording:compileReleaseLibraryResources
> Task :component:gsr-recording:mergeReleaseShaders
> Task :component:gsr-recording:compileReleaseShaders NO-SOURCE
> Task :component:gsr-recording:generateReleaseAssets UP-TO-DATE
> Task :component:gsr-recording:mergeReleaseAssets
> Task :component:gsr-recording:extractProguardFiles
> Task :component:gsr-recording:stripReleaseDebugSymbols NO-SOURCE
> Task :component:gsr-recording:extractDeepLinksForAarRelease FROM-CACHE
> Task :component:gsr-recording:writeReleaseLintModelMetadata
> Task :component:gsr-recording:prepareLintJarForPublish
> Task :component:gsr-recording:copyReleaseJniLibsProjectAndLocalJars
> Task :libapp:generateReleaseResValues FROM-CACHE
> Task :libapp:generateReleaseResources
> Task :libapp:copyReleaseJniLibsProjectOnly
> Task :libapp:packageReleaseResources
> Task :libapp:parseReleaseLocalResources
> Task :BleModule:mapProdReleaseSourceSetPaths
> Task :libapp:dataBindingGenBaseClassesRelease
> Task :libapp:dataBindingTriggerRelease
> Task :libapp:generateReleaseBuildConfig
> Task :libapp:generateReleaseRFile
> Task :BleModule:mergeProdReleaseResources
> Task :component:gsr-recording:compileReleaseKotlin
> Task :component:gsr-recording:compileReleaseJavaWithJavac NO-SOURCE
> Task :component:gsr-recording:bundleLibRuntimeToDirRelease
> Task :component:gsr-recording:bundleLibCompileToJarRelease
> Task :component:gsr-recording:bundleLibRuntimeToJarRelease
> Task :component:gsr-recording:processReleaseJavaRes
> Task :component:gsr-recording:createFullJarRelease
> Task :component:gsr-recording:generateReleaseLintModel
> Task :libapp:javaPreCompileRelease
> Task :libapp:writeReleaseAarMetadata
> Task :libapp:extractDeepLinksRelease FROM-CACHE

> Task :libapp:processReleaseManifest
/home/runner/work/IRCamera/IRCamera/libapp/src/main/AndroidManifest.xml:23:9-34:20 Warning:
	provider#androidx.core.content.FileProvider@android:authorities was tagged at AndroidManifest.xml:23 to replace other declarations but no other declaration present
/home/runner/work/IRCamera/IRCamera/libapp/src/main/AndroidManifest.xml:30:13-33:52 Warning:
	meta-data#android.support.FILE_PROVIDER_PATHS@android:resource was tagged at AndroidManifest.xml:30 to replace other declarations but no other declaration present

> Task :libapp:compileReleaseLibraryResources
> Task :libapp:mergeReleaseShaders
> Task :libapp:compileReleaseShaders NO-SOURCE
> Task :libapp:generateReleaseAssets UP-TO-DATE
> Task :libapp:mergeReleaseAssets
> Task :libapp:extractProguardFiles
> Task :libapp:prepareLintJarForPublish
> Task :component:gsr-recording:extractReleaseAnnotations
> Task :component:gsr-recording:mergeReleaseGeneratedProguardFiles
> Task :component:gsr-recording:mergeReleaseConsumerProguardFiles
> Task :component:edit3d:mapProdReleaseSourceSetPaths
> Task :component:house:mapProdReleaseSourceSetPaths
> Task :component:pseudo:mapProdReleaseSourceSetPaths
> Task :component:thermal:mapProdReleaseSourceSetPaths
> Task :libapp:kaptGenerateStubsReleaseKotlin
> Task :component:gsr-recording:mergeReleaseJavaResource
> Task :component:gsr-recording:syncReleaseLibJars
> Task :component:gsr-recording:bundleReleaseLocalLintAar
> Task :component:thermal-ir:mapProdReleaseSourceSetPaths

> Task :libapp:stripReleaseDebugSymbols
Unable to strip the following libraries, packaging them as they are: libavcodec.so, libavdevice.so, libavfilter.so, libavformat.so, libavutil.so, libjniavcodec.so, libjniavdevice.so, libjniavfilter.so, libjniavformat.so, libjniavutil.so, libjniswresample.so, libjniswscale.so, libswresample.so, libswscale.so. Run with --info option to learn more.

> Task :libapp:copyReleaseJniLibsProjectAndLocalJars
> Task :libapp:extractDeepLinksForAarRelease FROM-CACHE
> Task :libapp:writeReleaseLintModelMetadata

> Task :libapp:kaptGenerateStubsReleaseKotlin
w: Support for language version 2.0+ in kapt is in Alpha and must be enabled explicitly. Falling back to 1.9.

> Task :component:gsr-recording:generateReleaseLintVitalModel
> Task :component:transfer:mapProdReleaseSourceSetPaths
> Task :component:user:mapProdReleaseSourceSetPaths
> Task :component:thermal-lite:mapProdReleaseSourceSetPaths
> Task :app:mergeProdReleaseNativeLibs
> Task :libapp:kaptReleaseKotlin
> Task :component:gsr-recording:lintVitalAnalyzeRelease
> Task :app:expandProdReleaseL8ArtProfileWildcards
> Task :component:edit3d:mergeProdReleaseResources

> Task :app:stripProdReleaseDebugSymbols
Unable to strip the following libraries, packaging them as they are: libA4KCPPCore.so, libAC020sdk.so, libAudioCodecer.so, libEasyRTSPClient.so, libMNN.so, libMNN_CL.so, libMNN_GL.so, libMNN_NPU.so, libMNN_Vulkan.so, libOpenCL.so, libSRImage.so, libUSBDualCamera.so, libUSBUVCCamera.so, libVideoCodecer.so, libadvirparse.so, libadvirprocess.so, libadvirtemp.so, libadvirtempac020.so, libadvirutils.so, libai_upscale.so, libalicomphonenumberauthsdk_core.so, libandroid.so, libavcodec.so, libavdevice.so, libavfilter.so, libavformat.so, libavutil.so, libc++_shared.so, libcolormapping.so, libcommon_utils.so, libcommonsdk.so, libcpucl.so, libcrashsdk.so, libdatastore_shared_counter.so, libdual_calibration.so, libdual_fusion_gpu.so, libdualcalibration.so, libdualuvccamera020.so, libencrypt.so, libencrypt_comm.so, libencryption.so, libframecache.so, libgpudual.so, libhcl.so, libhiai.so, libhiai_ir.so, libhiai_ir_build.so, libimage.so, libircam.so, libircmd.so, libircmd020.so, libirisp.so, libirpack_tool.so, libirparse.so, libirprocess.so, libirtemp.so, libirutilssdk.so, libjniavcodec.so, libjniavdevice.so, libjniavfilter.so, libjniavformat.so, libjniavutil.so, libjnigraphics.so, libjniswresample.so, libjniswscale.so, libjpeg.so, liblog.so, libnative-window.so, libncnn.so, libomp.so, libopen3d.so, libopencv_java4.so, libpng.so, libpns-2.13.2.1-LogOnlineStandardCuumRelease_alijtca_plus.so, libproffmpeg.so, libswresample.so, libswscale.so, libturbojpeg.so, libusbuvccamera020.so, libyuv.so, libyuv_android.so, libyuvconvert.so, libz.so. Run with --info option to learn more.

> Task :component:house:mergeProdReleaseResources
> Task :libmenu:dataBindingMergeDependencyArtifactsRelease
> Task :libmenu:dataBindingGenBaseClassesRelease
> Task :BleModule:verifyProdReleaseResources

> Task :libapp:compileReleaseKotlin
w: file:///home/runner/work/IRCamera/IRCamera/libapp/src/main/java/com/topdon/lib/core/BaseApplication.kt:109:93 'static field CONNECTIVITY_ACTION: String' is deprecated. Deprecated in Java.
w: file:///home/runner/work/IRCamera/IRCamera/libapp/src/main/java/com/topdon/lib/core/BaseApplication.kt:111:93 'static field CONNECTIVITY_ACTION: String' is deprecated. Deprecated in Java.
w: file:///home/runner/work/IRCamera/IRCamera/libapp/src/main/java/com/topdon/lib/core/BaseApplication.kt:179:37 'static field CONNECTIVITY_ACTION: String' is deprecated. Deprecated in Java.
w: file:///home/runner/work/IRCamera/IRCamera/libapp/src/main/java/com/topdon/lib/core/BaseApplication.kt:195:40 'val isConnected: Boolean' is deprecated. Deprecated in Java.
w: file:///home/runner/work/IRCamera/IRCamera/libapp/src/main/java/com/topdon/lib/core/BaseApplication.kt:195:77 'val type: Int' is deprecated. Deprecated in Java.
w: file:///home/runner/work/IRCamera/IRCamera/libapp/src/main/java/com/topdon/lib/core/BaseApplication.kt:195:105 'static field TYPE_WIFI: Int' is deprecated. Deprecated in Java.
w: file:///home/runner/work/IRCamera/IRCamera/libapp/src/main/java/com/topdon/lib/core/BaseApplication.kt:197:94 'val type: Int' is deprecated. Deprecated in Java.
w: file:///home/runner/work/IRCamera/IRCamera/libapp/src/main/java/com/topdon/lib/core/BaseApplication.kt:232:9 This is a delicate API and its use requires care. Make sure you fully read and understand documentation of the declaration that is marked as a delicate API.
w: file:///home/runner/work/IRCamera/IRCamera/libapp/src/main/java/com/topdon/lib/core/bean/GalleryBean.kt:12:1 Parcelize annotations from package 'kotlinx.android.parcel' are deprecated. Change package to 'kotlinx.parcelize'.
w: file:///home/runner/work/IRCamera/IRCamera/libapp/src/main/java/com/topdon/lib/core/broadcast/DeviceBroadcastReceiver.kt:48:25 'fun get(p0: String!): Any?' is deprecated. Deprecated in Java.
w: file:///home/runner/work/IRCamera/IRCamera/libapp/src/main/java/com/topdon/lib/core/common/SharedManager.kt:4:8 'class PreferenceManager : Any' is deprecated. Deprecated in Java.
w: file:///home/runner/work/IRCamera/IRCamera/libapp/src/main/java/com/topdon/lib/core/common/SharedManager.kt:439:9 'class PreferenceManager : Any' is deprecated. Deprecated in Java.
w: file:///home/runner/work/IRCamera/IRCamera/libapp/src/main/java/com/topdon/lib/core/common/SharedManager.kt:439:27 'static fun getDefaultSharedPreferences(p0: Context!): SharedPreferences!' is deprecated. Deprecated in Java.
w: file:///home/runner/work/IRCamera/IRCamera/libapp/src/main/java/com/topdon/lib/core/common/SharedManager.kt:445:16 'class PreferenceManager : Any' is deprecated. Deprecated in Java.
w: file:///home/runner/work/IRCamera/IRCamera/libapp/src/main/java/com/topdon/lib/core/common/SharedManager.kt:445:34 'static fun getDefaultSharedPreferences(p0: Context!): SharedPreferences!' is deprecated. Deprecated in Java.
w: file:///home/runner/work/IRCamera/IRCamera/libapp/src/main/java/com/topdon/lib/core/dialog/CarDetectDialog.kt:251:29 Condition is always 'false'.
w: file:///home/runner/work/IRCamera/IRCamera/libapp/src/main/java/com/topdon/lib/core/dialog/TipChangeDeviceDialog.kt:19:21 'class TipChangeDeviceDialog : Dialog' is deprecated. 3.80使用新首页设备列表逻辑，不需要设备切换提示弹框了.
w: file:///home/runner/work/IRCamera/IRCamera/libapp/src/main/java/com/topdon/lib/core/dialog/TipChangeDeviceDialog.kt:59:23 'class TipChangeDeviceDialog : Dialog' is deprecated. 3.80使用新首页设备列表逻辑，不需要设备切换提示弹框了.
w: file:///home/runner/work/IRCamera/IRCamera/libapp/src/main/java/com/topdon/lib/core/dialog/TipChangeDeviceDialog.kt:61:26 'constructor(context: Context, themeResId: Int): TipChangeDeviceDialog' is deprecated. 3.80使用新首页设备列表逻辑，不需要设备切换提示弹框了.
w: file:///home/runner/work/IRCamera/IRCamera/libapp/src/main/java/com/topdon/lib/core/dialog/TipChangeDeviceDialog.kt:102:30 'class TipChangeDeviceDialog : Dialog' is deprecated. 3.80使用新首页设备列表逻辑，不需要设备切换提示弹框了.
w: file:///home/runner/work/IRCamera/IRCamera/libapp/src/main/java/com/topdon/lib/core/dialog/TipDialog.kt:26:18 This declaration overrides a deprecated member but is not marked as deprecated itself. Please add the '@Deprecated' annotation or suppress the diagnostic.
w: file:///home/runner/work/IRCamera/IRCamera/libapp/src/main/java/com/topdon/lib/core/dialog/TipWaterMarkDialog.kt:260:33 'fun getFromLocation(p0: Double, p1: Double, p2: Int): (Mutable)List<Address!>?' is deprecated. Deprecated in Java.
w: file:///home/runner/work/IRCamera/IRCamera/libapp/src/main/java/com/topdon/lib/core/http/converter/StringConverterFactory.kt:14:5 Override 'fun responseBodyConverter(type: Type?, annotations: Array<Annotation>?, retrofit: Retrofit?): Converter<ResponseBody, *>?' has incorrect nullability in its signature compared to the overridden declaration 'fun responseBodyConverter(p0: Type, p1: Array<(out) Annotation!>, p2: Retrofit): Converter<ResponseBody!, *>?'.
w: file:///home/runner/work/IRCamera/IRCamera/libapp/src/main/java/com/topdon/lib/core/http/converter/StringConverterFactory.kt:24:5 Override 'fun requestBodyConverter(type: Type?, parameterAnnotations: Array<Annotation>?, methodAnnotations: Array<Annotation>?, retrofit: Retrofit?): Converter<*, RequestBody>?' has incorrect nullability in its signature compared to the overridden declaration 'fun requestBodyConverter(p0: Type, p1: Array<(out) Annotation!>, p2: Array<(out) Annotation!>, p3: Retrofit): Converter<*, RequestBody!>?'.
w: file:///home/runner/work/IRCamera/IRCamera/libapp/src/main/java/com/topdon/lib/core/ktbase/BaseActivity.kt:59:16 'var navigationBarColor: Int' is deprecated. Deprecated in Java.
w: file:///home/runner/work/IRCamera/IRCamera/libapp/src/main/java/com/topdon/lib/core/ktbase/BasePickImgActivity.kt:163:18 This declaration overrides a deprecated member but is not marked as deprecated itself. Please add the '@Deprecated' annotation or suppress the diagnostic.
w: file:///home/runner/work/IRCamera/IRCamera/libapp/src/main/java/com/topdon/lib/core/ktbase/BasePickImgActivity.kt:167:19 'fun onBackPressed(): Unit' is deprecated. Deprecated in Java.
w: file:///home/runner/work/IRCamera/IRCamera/libapp/src/main/java/com/topdon/lib/core/ktbase/BaseWifiActivity.kt:5:8 'class PreferenceManager : Any' is deprecated. Deprecated in Java.
w: file:///home/runner/work/IRCamera/IRCamera/libapp/src/main/java/com/topdon/lib/core/ktbase/BaseWifiActivity.kt:39:9 'class PreferenceManager : Any' is deprecated. Deprecated in Java.
w: file:///home/runner/work/IRCamera/IRCamera/libapp/src/main/java/com/topdon/lib/core/ktbase/BaseWifiActivity.kt:39:27 'static fun getDefaultSharedPreferences(p0: Context!): SharedPreferences!' is deprecated. Deprecated in Java.
w: file:///home/runner/work/IRCamera/IRCamera/libapp/src/main/java/com/topdon/lib/core/ktbase/BaseWifiActivity.kt:43:9 'class PreferenceManager : Any' is deprecated. Deprecated in Java.
w: file:///home/runner/work/IRCamera/IRCamera/libapp/src/main/java/com/topdon/lib/core/ktbase/BaseWifiActivity.kt:43:27 'static fun getDefaultSharedPreferences(p0: Context!): SharedPreferences!' is deprecated. Deprecated in Java.
w: file:///home/runner/work/IRCamera/IRCamera/libapp/src/main/java/com/topdon/lib/core/socket/SocketCmdUtil.kt:27:41 Java type mismatch: inferred type is 'kotlin.String?', but 'kotlin.String' was expected.
w: file:///home/runner/work/IRCamera/IRCamera/libapp/src/main/java/com/topdon/lib/core/socket/SocketCmdUtil.kt:39:41 Java type mismatch: inferred type is 'kotlin.String?', but 'kotlin.String' was expected.
w: file:///home/runner/work/IRCamera/IRCamera/libapp/src/main/java/com/topdon/lib/core/tools/TimeTool.kt:48:13 Only safe (?.) or non-null asserted (!!.) calls are allowed on a nullable receiver of type 'java.util.Date?'.
w: file:///home/runner/work/IRCamera/IRCamera/libapp/src/main/java/com/topdon/lib/core/tools/ToastTools.kt:33:9 This is a delicate API and its use requires care. Make sure you fully read and understand documentation of the declaration that is marked as a delicate API.
w: file:///home/runner/work/IRCamera/IRCamera/libapp/src/main/java/com/topdon/lib/core/tools/ToastTools.kt:44:27 'var view: View?' is deprecated. Deprecated in Java.
w: file:///home/runner/work/IRCamera/IRCamera/libapp/src/main/java/com/topdon/lib/core/utils/ByteUtils.kt:11:58 This declaration needs opt-in. Its usage should be marked with '@kotlin.ExperimentalUnsignedTypes' or '@OptIn(kotlin.ExperimentalUnsignedTypes::class)'
w: file:///home/runner/work/IRCamera/IRCamera/libapp/src/main/java/com/topdon/lib/core/utils/ByteUtils.kt:19:38 This declaration needs opt-in. Its usage should be marked with '@kotlin.ExperimentalUnsignedTypes' or '@OptIn(kotlin.ExperimentalUnsignedTypes::class)'
w: file:///home/runner/work/IRCamera/IRCamera/libapp/src/main/java/com/topdon/lib/core/utils/LocationUtil.kt:40:69 'fun getFromLocation(p0: Double, p1: Double, p2: Int): (Mutable)List<Address!>?' is deprecated. Deprecated in Java.
w: file:///home/runner/work/IRCamera/IRCamera/libapp/src/main/java/com/topdon/lib/core/utils/NetWorkUtils.kt:9:8 'class WifiConfiguration : Any, Parcelable' is deprecated. Deprecated in Java.
w: file:///home/runner/work/IRCamera/IRCamera/libapp/src/main/java/com/topdon/lib/core/utils/NetWorkUtils.kt:36:36 'val connectionInfo: WifiInfo!' is deprecated. Deprecated in Java.
w: file:///home/runner/work/IRCamera/IRCamera/libapp/src/main/java/com/topdon/lib/core/utils/NetWorkUtils.kt:96:33 'constructor(): WifiConfiguration' is deprecated. Deprecated in Java.
w: file:///home/runner/work/IRCamera/IRCamera/libapp/src/main/java/com/topdon/lib/core/utils/NetWorkUtils.kt:97:27 'field SSID: String!' is deprecated. Deprecated in Java.
w: file:///home/runner/work/IRCamera/IRCamera/libapp/src/main/java/com/topdon/lib/core/utils/NetWorkUtils.kt:98:27 'field preSharedKey: String!' is deprecated. Deprecated in Java.
w: file:///home/runner/work/IRCamera/IRCamera/libapp/src/main/java/com/topdon/lib/core/utils/NetWorkUtils.kt:99:27 'field hiddenSSID: Boolean' is deprecated. Deprecated in Java.
w: file:///home/runner/work/IRCamera/IRCamera/libapp/src/main/java/com/topdon/lib/core/utils/NetWorkUtils.kt:100:27 'field status: Int' is deprecated. Deprecated in Java.
w: file:///home/runner/work/IRCamera/IRCamera/libapp/src/main/java/com/topdon/lib/core/utils/NetWorkUtils.kt:100:36 'class WifiConfiguration : Any, Parcelable' is deprecated. Deprecated in Java.
w: file:///home/runner/work/IRCamera/IRCamera/libapp/src/main/java/com/topdon/lib/core/utils/NetWorkUtils.kt:100:54 'class Status : Any' is deprecated. Deprecated in Java.
w: file:///home/runner/work/IRCamera/IRCamera/libapp/src/main/java/com/topdon/lib/core/utils/NetWorkUtils.kt:100:61 'static field ENABLED: Int' is deprecated. Deprecated in Java.
w: file:///home/runner/work/IRCamera/IRCamera/libapp/src/main/java/com/topdon/lib/core/utils/NetWorkUtils.kt:101:34 'fun addNetwork(p0: WifiConfiguration!): Int' is deprecated. Deprecated in Java.
w: file:///home/runner/work/IRCamera/IRCamera/libapp/src/main/java/com/topdon/lib/core/utils/NetWorkUtils.kt:102:41 'fun enableNetwork(p0: Int, p1: Boolean): Boolean' is deprecated. Deprecated in Java.
w: file:///home/runner/work/IRCamera/IRCamera/libapp/src/main/java/com/topdon/lib/core/utils/WifiUtil.kt:25:76 'field SSID: String!' is deprecated. Deprecated in Java.
w: file:///home/runner/work/IRCamera/IRCamera/libapp/src/main/java/com/topdon/lib/core/utils/WifiUtil.kt:49:28 'val connectionInfo: WifiInfo!' is deprecated. Deprecated in Java.

> Task :libapp:compileReleaseJavaWithJavac
Note: Some input files use or override a deprecated API.
Note: Recompile with -Xlint:deprecation for details.

> Task :libapp:bundleLibCompileToJarRelease
> Task :libapp:processReleaseJavaRes
> Task :libapp:bundleLibRuntimeToJarRelease
> Task :libapp:bundleLibRuntimeToDirRelease
> Task :app:checkProdReleaseDuplicateClasses
> Task :component:edit3d:verifyProdReleaseResources
> Task :component:house:verifyProdReleaseResources

> Task :libmenu:kaptGenerateStubsReleaseKotlin
w: Support for language version 2.0+ in kapt is in Alpha and must be enabled explicitly. Falling back to 1.9.

> Task :libir:compileReleaseKotlin
w: file:///home/runner/work/IRCamera/IRCamera/libir/src/main/java/com/infisense/usbir/utils/IRImageHelp.kt:82:38 Condition is always 'true'.
w: file:///home/runner/work/IRCamera/IRCamera/libir/src/main/java/com/infisense/usbir/view/CaliperImageView.kt:51:37 'fun getDrawable(p0: Int): Drawable!' is deprecated. Deprecated in Java.
w: file:///home/runner/work/IRCamera/IRCamera/libir/src/main/java/com/infisense/usbir/view/ZoomCaliperView.kt:54:37 'fun getDrawable(p0: Int): Drawable!' is deprecated. Deprecated in Java.
w: file:///home/runner/work/IRCamera/IRCamera/libir/src/main/java/com/infisense/usbir/view/ZoomCaliperView.kt:325:37 'fun getDrawable(p0: Int): Drawable!' is deprecated. Deprecated in Java.

> Task :libmenu:kaptReleaseKotlin
> Task :libui:dataBindingMergeDependencyArtifactsRelease
> Task :libui:dataBindingGenBaseClassesRelease
> Task :component:pseudo:dataBindingMergeDependencyArtifactsProdRelease
> Task :component:pseudo:dataBindingGenBaseClassesProdRelease
> Task :component:thermal-ir:dataBindingMergeDependencyArtifactsProdRelease
> Task :component:thermal-ir:dataBindingGenBaseClassesProdRelease
> Task :component:transfer:dataBindingMergeDependencyArtifactsProdRelease
> Task :component:transfer:dataBindingGenBaseClassesProdRelease
> Task :component:user:dataBindingMergeDependencyArtifactsProdRelease
> Task :component:user:dataBindingGenBaseClassesProdRelease
> Task :libapp:createFullJarRelease
> Task :component:thermal:dataBindingMergeDependencyArtifactsProdRelease
> Task :component:thermal:dataBindingGenBaseClassesProdRelease

> Task :libir:compileReleaseJavaWithJavac
Note: Some input files use or override a deprecated API.
Note: Recompile with -Xlint:deprecation for details.

> Task :libmenu:compileReleaseKotlin
> Task :libir:bundleLibCompileToJarRelease
> Task :libir:bundleLibRuntimeToJarRelease
> Task :libir:bundleLibRuntimeToDirRelease
> Task :libapp:generateReleaseLintModel
> Task :libir:processReleaseJavaRes
> Task :libir:createFullJarRelease
> Task :libmenu:compileReleaseJavaWithJavac
> Task :libmenu:bundleLibCompileToJarRelease
> Task :libui:kaptGenerateStubsReleaseKotlin SKIPPED
> Task :libui:kaptReleaseKotlin SKIPPED
> Task :libmenu:bundleLibRuntimeToDirRelease
> Task :libmenu:bundleLibRuntimeToJarRelease
> Task :libmenu:processReleaseJavaRes
> Task :libmenu:createFullJarRelease
> Task :libapp:extractReleaseAnnotations
> Task :libapp:mergeReleaseGeneratedProguardFiles
> Task :libapp:mergeReleaseConsumerProguardFiles
> Task :libapp:mergeReleaseJavaResource
> Task :libmenu:generateReleaseLintModel
> Task :libmenu:extractReleaseAnnotations
> Task :libmenu:mergeReleaseGeneratedProguardFiles
> Task :libmenu:mergeReleaseConsumerProguardFiles
> Task :libmenu:mergeReleaseJavaResource
> Task :libmenu:syncReleaseLibJars
> Task :libmenu:bundleReleaseLocalLintAar
> Task :libir:generateReleaseLintModel
> Task :libmenu:generateReleaseLintVitalModel
> Task :libapp:syncReleaseLibJars
> Task :libir:mergeReleaseGeneratedProguardFiles
> Task :libir:mergeReleaseConsumerProguardFiles
> Task :libir:mergeReleaseJavaResource
> Task :libir:generateReleaseLintVitalModel
> Task :libapp:bundleReleaseLocalLintAar
> Task :libir:extractReleaseAnnotations
> Task :libir:syncReleaseLibJars
> Task :libir:bundleReleaseLocalLintAar
